(note ctrl + shift + 6  for abort.) 
no  
Router#ena
Router#enable 
Router#confi
Router#configure terminal
Enter configuration commands, one per line.  End with CNTL/Z.
Router(config)#int
Router(config)#interface fa
Router(config)#interface fastEthernet 0/1
Router(config-if)#ip add
Router(config-if)#ip address 192.168.2.1 255.255.255.0
Router(config-if)#no shutdown

Router(config-if)#
%LINK-5-CHANGED: Interface FastEthernet0/1, changed state to up

%LINEPROTO-5-UPDOWN: Line protocol on Interface FastEthernet0/1, changed state to up

Router(config-if)#exit
Router(config)#dhcp pool switch2
                ^
% Invalid input detected at '^' marker.
	
Router(config)#ip dhcp pool switch2
Router(dhcp-config)#ne
Router(dhcp-config)#network 192.168.2.0 255.255.255.0
Router(dhcp-config)#de
Router(dhcp-config)#default-router 192.168.2.1
Router(dhcp-config)#dns-se
Router(dhcp-config)#dns-server 1.1.9.1
Router(dhcp-config)#%DHCPD-4-PING_CONFLICT: DHCP address conflict:  server pinged 192.168.2.1.
